<?xml version="1.0" encoding="UTF-8"?>
<testsuites>
  <testsuite name="/app/phpunit.xml" tests="14" assertions="0" errors="14" failures="0" skipped="0" time="0.000000">
    <testsuite name="Session 04 - Strategy Pattern" tests="14" assertions="0" errors="14" failures="0" skipped="0" time="0.000000">
      <testsuite name="Session04Tests\PricingServiceTest" file="/app/challenges/session-04/tests/PricingServiceTest.php" tests="14" assertions="0" errors="14" failures="0" skipped="0" time="0.000000">
        <testcase name="testPercentageDiscountStrategy" file="/app/challenges/session-04/tests/PricingServiceTest.php" line="45" class="Session04Tests\PricingServiceTest" classname="Session04Tests.PricingServiceTest" assertions="0" time="0.000000">
          <error type="PHPUnit\Framework\MockObject\Generator\UnknownTypeException">Session04Tests\PricingServiceTest::testPercentageDiscountStrategy
PHPUnit\Framework\MockObject\Generator\UnknownTypeException: Class or interface "Session04\Logger" does not exist

/app/challenges/session-04/tests/PricingServiceTest.php:34</error>
        </testcase>
        <testcase name="testFixedDiscountStrategy" file="/app/challenges/session-04/tests/PricingServiceTest.php" line="65" class="Session04Tests\PricingServiceTest" classname="Session04Tests.PricingServiceTest" assertions="0" time="0.000000">
          <error type="PHPUnit\Framework\MockObject\Generator\UnknownTypeException">Session04Tests\PricingServiceTest::testFixedDiscountStrategy
PHPUnit\Framework\MockObject\Generator\UnknownTypeException: Class or interface "Session04\Logger" does not exist

/app/challenges/session-04/tests/PricingServiceTest.php:34</error>
        </testcase>
        <testcase name="testVolumeDiscountStrategy" file="/app/challenges/session-04/tests/PricingServiceTest.php" line="85" class="Session04Tests\PricingServiceTest" classname="Session04Tests.PricingServiceTest" assertions="0" time="0.000000">
          <error type="PHPUnit\Framework\MockObject\Generator\UnknownTypeException">Session04Tests\PricingServiceTest::testVolumeDiscountStrategy
PHPUnit\Framework\MockObject\Generator\UnknownTypeException: Class or interface "Session04\Logger" does not exist

/app/challenges/session-04/tests/PricingServiceTest.php:34</error>
        </testcase>
        <testcase name="testBulkDiscountStrategy" file="/app/challenges/session-04/tests/PricingServiceTest.php" line="111" class="Session04Tests\PricingServiceTest" classname="Session04Tests.PricingServiceTest" assertions="0" time="0.000000">
          <error type="PHPUnit\Framework\MockObject\Generator\UnknownTypeException">Session04Tests\PricingServiceTest::testBulkDiscountStrategy
PHPUnit\Framework\MockObject\Generator\UnknownTypeException: Class or interface "Session04\Logger" does not exist

/app/challenges/session-04/tests/PricingServiceTest.php:34</error>
        </testcase>
        <testcase name="testSeasonalDiscountStrategy" file="/app/challenges/session-04/tests/PricingServiceTest.php" line="136" class="Session04Tests\PricingServiceTest" classname="Session04Tests.PricingServiceTest" assertions="0" time="0.000000">
          <error type="PHPUnit\Framework\MockObject\Generator\UnknownTypeException">Session04Tests\PricingServiceTest::testSeasonalDiscountStrategy
PHPUnit\Framework\MockObject\Generator\UnknownTypeException: Class or interface "Session04\Logger" does not exist

/app/challenges/session-04/tests/PricingServiceTest.php:34</error>
        </testcase>
        <testcase name="testPricingServiceWithPercentageStrategy" file="/app/challenges/session-04/tests/PricingServiceTest.php" line="176" class="Session04Tests\PricingServiceTest" classname="Session04Tests.PricingServiceTest" assertions="0" time="0.000000">
          <error type="PHPUnit\Framework\MockObject\Generator\UnknownTypeException">Session04Tests\PricingServiceTest::testPricingServiceWithPercentageStrategy
PHPUnit\Framework\MockObject\Generator\UnknownTypeException: Class or interface "Session04\Logger" does not exist

/app/challenges/session-04/tests/PricingServiceTest.php:34</error>
        </testcase>
        <testcase name="testPricingServiceWithFixedStrategy" file="/app/challenges/session-04/tests/PricingServiceTest.php" line="194" class="Session04Tests\PricingServiceTest" classname="Session04Tests.PricingServiceTest" assertions="0" time="0.000000">
          <error type="PHPUnit\Framework\MockObject\Generator\UnknownTypeException">Session04Tests\PricingServiceTest::testPricingServiceWithFixedStrategy
PHPUnit\Framework\MockObject\Generator\UnknownTypeException: Class or interface "Session04\Logger" does not exist

/app/challenges/session-04/tests/PricingServiceTest.php:34</error>
        </testcase>
        <testcase name="testPricingServiceWithVolumeStrategy" file="/app/challenges/session-04/tests/PricingServiceTest.php" line="212" class="Session04Tests\PricingServiceTest" classname="Session04Tests.PricingServiceTest" assertions="0" time="0.000000">
          <error type="PHPUnit\Framework\MockObject\Generator\UnknownTypeException">Session04Tests\PricingServiceTest::testPricingServiceWithVolumeStrategy
PHPUnit\Framework\MockObject\Generator\UnknownTypeException: Class or interface "Session04\Logger" does not exist

/app/challenges/session-04/tests/PricingServiceTest.php:34</error>
        </testcase>
        <testcase name="testNegativePriceHandling" file="/app/challenges/session-04/tests/PricingServiceTest.php" line="234" class="Session04Tests\PricingServiceTest" classname="Session04Tests.PricingServiceTest" assertions="0" time="0.000000">
          <error type="PHPUnit\Framework\MockObject\Generator\UnknownTypeException">Session04Tests\PricingServiceTest::testNegativePriceHandling
PHPUnit\Framework\MockObject\Generator\UnknownTypeException: Class or interface "Session04\Logger" does not exist

/app/challenges/session-04/tests/PricingServiceTest.php:34</error>
        </testcase>
        <testcase name="testZeroQuantityHandling" file="/app/challenges/session-04/tests/PricingServiceTest.php" line="251" class="Session04Tests\PricingServiceTest" classname="Session04Tests.PricingServiceTest" assertions="0" time="0.000000">
          <error type="PHPUnit\Framework\MockObject\Generator\UnknownTypeException">Session04Tests\PricingServiceTest::testZeroQuantityHandling
PHPUnit\Framework\MockObject\Generator\UnknownTypeException: Class or interface "Session04\Logger" does not exist

/app/challenges/session-04/tests/PricingServiceTest.php:34</error>
        </testcase>
        <testcase name="testInvalidParametersHandling" file="/app/challenges/session-04/tests/PricingServiceTest.php" line="269" class="Session04Tests\PricingServiceTest" classname="Session04Tests.PricingServiceTest" assertions="0" time="0.000000">
          <error type="PHPUnit\Framework\MockObject\Generator\UnknownTypeException">Session04Tests\PricingServiceTest::testInvalidParametersHandling
PHPUnit\Framework\MockObject\Generator\UnknownTypeException: Class or interface "Session04\Logger" does not exist

/app/challenges/session-04/tests/PricingServiceTest.php:34</error>
        </testcase>
        <testcase name="testStrategySwitching" file="/app/challenges/session-04/tests/PricingServiceTest.php" line="291" class="Session04Tests\PricingServiceTest" classname="Session04Tests.PricingServiceTest" assertions="0" time="0.000000">
          <error type="PHPUnit\Framework\MockObject\Generator\UnknownTypeException">Session04Tests\PricingServiceTest::testStrategySwitching
PHPUnit\Framework\MockObject\Generator\UnknownTypeException: Class or interface "Session04\Logger" does not exist

/app/challenges/session-04/tests/PricingServiceTest.php:34</error>
        </testcase>
        <testcase name="testMultipleStrategiesCombination" file="/app/challenges/session-04/tests/PricingServiceTest.php" line="319" class="Session04Tests\PricingServiceTest" classname="Session04Tests.PricingServiceTest" assertions="0" time="0.000000">
          <error type="PHPUnit\Framework\MockObject\Generator\UnknownTypeException">Session04Tests\PricingServiceTest::testMultipleStrategiesCombination
PHPUnit\Framework\MockObject\Generator\UnknownTypeException: Class or interface "Session04\Logger" does not exist

/app/challenges/session-04/tests/PricingServiceTest.php:34</error>
        </testcase>
        <testcase name="testGetCalculationStats" file="/app/challenges/session-04/tests/PricingServiceTest.php" line="347" class="Session04Tests\PricingServiceTest" classname="Session04Tests.PricingServiceTest" assertions="0" time="0.000000">
          <error type="PHPUnit\Framework\MockObject\Generator\UnknownTypeException">Session04Tests\PricingServiceTest::testGetCalculationStats
PHPUnit\Framework\MockObject\Generator\UnknownTypeException: Class or interface "Session04\Logger" does not exist

/app/challenges/session-04/tests/PricingServiceTest.php:34</error>
        </testcase>
      </testsuite>
    </testsuite>
  </testsuite>
</testsuites>
